14
20
8
19
16
18
21
18
12
10
14
17
11
10
12
16
16
23
34
13
14
18
17
22
9
13
13
19
12
16
21
21
12
15
8
20
18
20
16
14
15
20
22
12
9
19
11
16
17
19
10
11
14
16
18
13
13
21
25
20
20
21
19
18
12
8
21
16
20
14
11
17
16
22
19
15
10
17
16
15
14
13
15
10
16
18
12
15
18
15
18
26
18
17
20
23
10
15
9
16
