23
31
29
20
23
37
33
25
26
24
29
32
30
28
35
21
30
18
30
33
26
29
32
33
29
24
31
26
28
32
27
26
14
30
20
25
25
21
19
21
19
28
25
19
31
28
30
33
25
24
23
24
20
30
35
24
31
28
27
33
23
24
27
27
28
33
21
40
35
25
23
32
31
20
34
29
24
26
28
25
34
24
35
19
27
27
31
30
28
20
20
28
23
18
39
30
27
30
23
28
